Component: ARM Compiler 5.06 update 4 (build 422) Tool: armlink [4d35d2]

==============================================================================

Section Cross References

    system_nrf51.o(i.SystemCoreClockUpdate) refers to system_nrf51.o(.data) for SystemCoreClock
    system_nrf51.o(i.SystemInit) refers to system_nrf51.o(i.is_manual_peripheral_setup_needed) for is_manual_peripheral_setup_needed
    arm_startup_nrf51_1.o(RESET) refers to arm_startup_nrf51_1.o(STACK) for __initial_sp
    arm_startup_nrf51_1.o(RESET) refers to arm_startup_nrf51_1.o(.text) for Reset_Handler
    arm_startup_nrf51_1.o(RESET) refers to interrupt.o(i.POWER_CLOCK_IRQHandler) for POWER_CLOCK_IRQHandler
    arm_startup_nrf51_1.o(RESET) refers to interrupt.o(i.RADIO_IRQHandler) for RADIO_IRQHandler
    arm_startup_nrf51_1.o(RESET) refers to interrupt.o(i.UART0_IRQHandler) for UART0_IRQHandler
    arm_startup_nrf51_1.o(RESET) refers to interrupt.o(i.SPI0_TWI0_IRQHandler) for SPI0_TWI0_IRQHandler
    arm_startup_nrf51_1.o(RESET) refers to interrupt.o(i.SPI1_TWI1_IRQHandler) for SPI1_TWI1_IRQHandler
    arm_startup_nrf51_1.o(RESET) refers to interrupt.o(i.GPIOTE_IRQHandler) for GPIOTE_IRQHandler
    arm_startup_nrf51_1.o(RESET) refers to interrupt.o(i.ADC_IRQHandler) for ADC_IRQHandler
    arm_startup_nrf51_1.o(RESET) refers to interrupt.o(i.TIMER0_IRQHandler) for TIMER0_IRQHandler
    arm_startup_nrf51_1.o(RESET) refers to interrupt.o(i.TIMER1_IRQHandler) for TIMER1_IRQHandler
    arm_startup_nrf51_1.o(RESET) refers to interrupt.o(i.TIMER2_IRQHandler) for TIMER2_IRQHandler
    arm_startup_nrf51_1.o(RESET) refers to interrupt.o(i.RTC0_IRQHandler) for RTC0_IRQHandler
    arm_startup_nrf51_1.o(RESET) refers to interrupt.o(i.RNG_IRQHandler) for RNG_IRQHandler
    arm_startup_nrf51_1.o(RESET) refers to interrupt.o(i.ECB_IRQHandler) for ECB_IRQHandler
    arm_startup_nrf51_1.o(RESET) refers to interrupt.o(i.CCM_AAR_IRQHandler) for CCM_AAR_IRQHandler
    arm_startup_nrf51_1.o(RESET) refers to interrupt.o(i.WDT_IRQHandler) for WDT_IRQHandler
    arm_startup_nrf51_1.o(RESET) refers to interrupt.o(i.RTC1_IRQHandler) for RTC1_IRQHandler
    arm_startup_nrf51_1.o(RESET) refers to interrupt.o(i.QDEC_IRQHandler) for QDEC_IRQHandler
    arm_startup_nrf51_1.o(RESET) refers to interrupt.o(i.SWI0_IRQHandler) for SWI0_IRQHandler
    arm_startup_nrf51_1.o(RESET) refers to interrupt.o(i.SWI1_IRQHandler) for SWI1_IRQHandler
    arm_startup_nrf51_1.o(RESET) refers to interrupt.o(i.SWI2_IRQHandler) for SWI2_IRQHandler
    arm_startup_nrf51_1.o(RESET) refers to interrupt.o(i.SWI3_IRQHandler) for SWI3_IRQHandler
    arm_startup_nrf51_1.o(RESET) refers to interrupt.o(i.SWI4_IRQHandler) for SWI4_IRQHandler
    arm_startup_nrf51_1.o(RESET) refers to interrupt.o(i.SWI5_IRQHandler) for SWI5_IRQHandler
    arm_startup_nrf51_1.o(.text) refers to system_nrf51.o(i.SystemInit) for SystemInit
    arm_startup_nrf51_1.o(.text) refers to entry.o(.ARM.Collect$$$$00000000) for __main
    nrf_nvmc.o(i.nrf_nvmc_write_bytes) refers to nrf_nvmc.o(i.nrf_nvmc_write_byte) for nrf_nvmc_write_byte
    parser.o(i.ascii2hex) refers to parser.o(i.checkascii) for checkascii
    interrupt.o(i.TIMER0_IRQHandler) refers to time.o(i.TIMER0_IRQHandler_Boot) for TIMER0_IRQHandler_Boot
    interrupt.o(i.UART0_IRQHandler) refers to uart.o(i.UART0_IRQHandler_boot) for UART0_IRQHandler_boot
    main.o(i.main) refers to com.o(i.app_code_jump) for app_code_jump
    main.o(i.main) refers to main.o(i.va_init) for va_init
    main.o(i.main) refers to main.o(i.version) for version
    main.o(i.main) refers to uart.o(i.USART_Configuration) for USART_Configuration
    main.o(i.main) refers to com.o(i.UpdateReady) for UpdateReady
    main.o(i.main) refers to main.o(i.FeedWDT) for FeedWDT
    main.o(i.main) refers to com.o(i.com) for com
    main.o(i.main) refers to main.o(.ARM.__AT_0x20000201) for Toggleserial
    main.o(i.va_init) refers to main.o(i.osc_Init) for osc_Init
    main.o(i.va_init) refers to time.o(i.time0_init) for time0_init
    main.o(i.version) refers to nrf_nvmc.o(i.sef_nvmc_read_bytes) for sef_nvmc_read_bytes
    main.o(i.version) refers to local_para.o(.bss) for App_Version
    main.o(i.version) refers to local_para.o(.data) for LogicAddr
    simple_uart.o(i.simple_uart_array) refers to simple_uart.o(i.simple_uart_put) for simple_uart_put
    simple_uart.o(i.simple_uart_config) refers to simple_uart.o(i.nrf_gpio_cfg_output) for nrf_gpio_cfg_output
    simple_uart.o(i.simple_uart_config) refers to simple_uart.o(i.nrf_gpio_cfg_input) for nrf_gpio_cfg_input
    simple_uart.o(i.simple_uart_config) refers to simple_uart.o(i.NVIC_SetPriority) for NVIC_SetPriority
    simple_uart.o(i.simple_uart_putstring) refers to simple_uart.o(i.simple_uart_put) for simple_uart_put
    uart.o(i.UART0_IRQHandler_boot) refers to time.o(i.feed_com_timer) for feed_com_timer
    uart.o(i.UART0_IRQHandler_boot) refers to uart.o(.data) for c
    uart.o(i.UART0_IRQHandler_boot) refers to variable.o(.data) for rcv_ok
    uart.o(i.UART0_IRQHandler_boot) refers to variable.o(.bss) for rcv_uart
    uart.o(i.USART_Configuration) refers to simple_uart.o(i.simple_uart_config) for simple_uart_config
    uart.o(i.fgetc) refers to simple_uart.o(i.simple_uart_get) for simple_uart_get
    uart.o(i.fputc) refers to simple_uart.o(i.simple_uart_put) for simple_uart_put
    uart.o(i.uart_send) refers to uart.o(.data) for snd_len
    nrf_delay.o(i.nrf_delay_ms) refers to nrf_delay.o(.emb_text) for __asm___11_nrf_delay_c_532987f3__nrf_delay_us
    time.o(i.TIMER0_IRQHandler_Boot) refers to idiv.o(.text) for __aeabi_idivmod
    time.o(i.TIMER0_IRQHandler_Boot) refers to simple_uart.o(i.simple_uart_put) for simple_uart_put
    time.o(i.TIMER0_IRQHandler_Boot) refers to time.o(.data) for boot_delay
    time.o(i.TIMER0_IRQHandler_Boot) refers to variable.o(.data) for rcv_ok
    time.o(i.TIMER0_IRQHandler_Boot) refers to uart.o(.data) for step
    time.o(i.crc_timer) refers to time.o(.data) for crc_delay
    time.o(i.feed_com_timer) refers to time.o(.data) for com_delay
    time.o(i.stop_auto_timer) refers to time.o(.data) for boot_auto_timer
    time.o(i.time0_init) refers to time.o(i.NVIC_SetPriority) for NVIC_SetPriority
    com.o(i.Com_Repeat) refers to memcpya.o(.text) for __aeabi_memcpy
    com.o(i.Com_Repeat) refers to crc16.o(i.crc16) for crc16
    com.o(i.Com_Repeat) refers to simple_uart.o(i.simple_uart_array) for simple_uart_array
    com.o(i.Com_Repeat) refers to variable.o(.bss) for tsm_Array
    com.o(i.Com_Repeat) refers to com.o(.data) for data_error
    com.o(i.Com_Response) refers to memcpya.o(.text) for __aeabi_memcpy
    com.o(i.Com_Response) refers to crc16.o(i.crc16) for crc16
    com.o(i.Com_Response) refers to simple_uart.o(i.simple_uart_array) for simple_uart_array
    com.o(i.Com_Response) refers to variable.o(.bss) for tsm_Array
    com.o(i.GetLine) refers to variable.o(.data) for package_idx
    com.o(i.GetLine) refers to com.o(.data) for flag
    com.o(i.GetValidData) refers to crc16.o(i.crc16) for crc16
    com.o(i.GetValidData) refers to memcmp.o(.text) for memcmp
    com.o(i.GetValidData) refers to variable.o(.data) for rcv_ok
    com.o(i.GetValidData) refers to variable.o(.bss) for rcv_uart
    com.o(i.GetValidData) refers to local_para.o(.data) for LogicAddr
    com.o(i.GetValidData) refers to com.o(.data) for getvaliddata
    com.o(i.UpdateReady) refers to com.o(i.app_code_erase) for app_code_erase
    com.o(i.UpdateReady) refers to memcpya.o(.text) for __aeabi_memcpy
    com.o(i.UpdateReady) refers to crc16.o(i.crc16) for crc16
    com.o(i.UpdateReady) refers to simple_uart.o(i.simple_uart_array) for simple_uart_array
    com.o(i.UpdateReady) refers to com.o(.data) for business_step
    com.o(i.UpdateReady) refers to variable.o(.data) for line_idx
    com.o(i.UpdateReady) refers to variable.o(.bss) for tsm_Array
    com.o(i.UpdateReady) refers to local_para.o(.data) for LogicAddr
    com.o(i.app_code_erase) refers to uidiv.o(.text) for __aeabi_uidivmod
    com.o(i.app_code_erase) refers to nrf_nvmc.o(i.nrf_nvmc_page_erase) for nrf_nvmc_page_erase
    com.o(i.app_code_jump) refers to nrf_delay.o(i.nrf_delay_ms) for nrf_delay_ms
    com.o(i.app_code_jump) refers to com.o(i.release_bootSource) for release_bootSource
    com.o(i.com) refers to com.o(i.app_code_jump) for app_code_jump
    com.o(i.com) refers to com.o(i.GetValidData) for GetValidData
    com.o(i.com) refers to com.o(i.get_NextUart) for get_NextUart
    com.o(i.com) refers to time.o(i.stop_auto_timer) for stop_auto_timer
    com.o(i.com) refers to com.o(i.app_code_erase) for app_code_erase
    com.o(i.com) refers to com.o(i.Com_Response) for Com_Response
    com.o(i.com) refers to com.o(i.GetLine) for GetLine
    com.o(i.com) refers to com.o(i.hex_write) for hex_write
    com.o(i.com) refers to com.o(i.Com_Repeat) for Com_Repeat
    com.o(i.com) refers to nrf_delay.o(i.nrf_delay_ms) for nrf_delay_ms
    com.o(i.com) refers to main.o(i.version) for version
    com.o(i.com) refers to parser.o(i.get_string_len) for get_string_len
    com.o(i.com) refers to memcpya.o(.text) for __aeabi_memcpy
    com.o(i.com) refers to time.o(.data) for boot_flag
    com.o(i.com) refers to com.o(.data) for business_step
    com.o(i.com) refers to variable.o(.data) for line_idx
    com.o(i.com) refers to variable.o(.bss) for linebuffer
    com.o(i.com) refers to local_para.o(.bss) for App_Version
    com.o(i.com) refers to local_para.o(.ARM.__AT_0x000000C8) for Boot_Version
    com.o(i.com) refers to local_para.o(.ARM.__AT_0x000000DC) for Hw_Version
    com.o(i.com) refers to uart.o(.data) for step
    com.o(i.get_NextUart) refers to variable.o(.data) for rcv_ok
    com.o(i.hex_write) refers to parser.o(i.ascii2hex) for ascii2hex
    com.o(i.hex_write) refers to parser.o(i.checksum) for checksum
    com.o(i.hex_write) refers to com.o(i.__ARM_common_switch8) for __ARM_common_switch8
    com.o(i.hex_write) refers to nrf_nvmc.o(i.nrf_nvmc_write_bytes) for nrf_nvmc_write_bytes
    com.o(i.hex_write) refers to memcpya.o(.text) for __aeabi_memcpy
    com.o(i.hex_write) refers to memseta.o(.text) for __aeabi_memset
    com.o(i.hex_write) refers to com.o(.data) for jumpbuf
    com.o(i.release_bootSource) refers to com.o(i.NVIC_DisableIRQ) for NVIC_DisableIRQ
    crc16.o(i.crc16) refers to crc16.o(.constdata) for wCRC16Table
    entry.o(.ARM.Collect$$$$00000000) refers (Special) to entry10a.o(.ARM.Collect$$$$0000000D) for __rt_final_cpp
    entry.o(.ARM.Collect$$$$00000000) refers (Special) to entry11a.o(.ARM.Collect$$$$0000000F) for __rt_final_exit
    entry.o(.ARM.Collect$$$$00000000) refers (Special) to entry7b.o(.ARM.Collect$$$$00000008) for _main_clock
    entry.o(.ARM.Collect$$$$00000000) refers (Special) to entry8b.o(.ARM.Collect$$$$0000000A) for _main_cpp_init
    entry.o(.ARM.Collect$$$$00000000) refers (Special) to entry9a.o(.ARM.Collect$$$$0000000B) for _main_init
    entry.o(.ARM.Collect$$$$00000000) refers (Special) to entry5.o(.ARM.Collect$$$$00000004) for _main_scatterload
    entry.o(.ARM.Collect$$$$00000000) refers (Special) to entry2.o(.ARM.Collect$$$$00000001) for _main_stk
    idiv.o(.text) refers to uidiv.o(.text) for __aeabi_uidivmod
    entry2.o(.ARM.Collect$$$$00000001) refers to entry2.o(.ARM.Collect$$$$00002712) for __lit__00000000
    entry2.o(.ARM.Collect$$$$00002712) refers to arm_startup_nrf51_1.o(STACK) for __initial_sp
    entry2.o(__vectab_stack_and_reset_area) refers to arm_startup_nrf51_1.o(STACK) for __initial_sp
    entry2.o(__vectab_stack_and_reset_area) refers to entry.o(.ARM.Collect$$$$00000000) for __main
    entry5.o(.ARM.Collect$$$$00000004) refers to init.o(.text) for __scatterload
    entry9a.o(.ARM.Collect$$$$0000000B) refers to main.o(i.main) for main
    entry9b.o(.ARM.Collect$$$$0000000C) refers to main.o(i.main) for main
    init.o(.text) refers to entry5.o(.ARM.Collect$$$$00000004) for __main_after_scatterload


==============================================================================

Removing Unused input sections from the image.

    Removing system_nrf51.o(i.SystemCoreClockUpdate), (16 bytes).
    Removing arm_startup_nrf51_1.o(HEAP), (2048 bytes).
    Removing local_para.o(.rev16_text), (4 bytes).
    Removing local_para.o(.revsh_text), (4 bytes).
    Removing local_para.o(.constdata), (11 bytes).
    Removing nrf_nvmc.o(.rev16_text), (4 bytes).
    Removing nrf_nvmc.o(.revsh_text), (4 bytes).
    Removing nrf_nvmc.o(i.nrf_nvmc_write_word), (56 bytes).
    Removing nrf_nvmc.o(i.nrf_nvmc_write_words), (76 bytes).
    Removing parser.o(i.checkxor), (52 bytes).
    Removing parser.o(i.getsum), (46 bytes).
    Removing interrupt.o(.rev16_text), (4 bytes).
    Removing interrupt.o(.revsh_text), (4 bytes).
    Removing interrupt.o(i.LPCOMP_IRQHandler), (28 bytes).
    Removing interrupt.o(i.TEMP_IRQHandle), (28 bytes).
    Removing led.o(.rev16_text), (4 bytes).
    Removing led.o(.revsh_text), (4 bytes).
    Removing led.o(i.LED0_Close), (20 bytes).
    Removing led.o(i.LED0_Open), (20 bytes).
    Removing led.o(i.LED0_Toggle), (24 bytes).
    Removing led.o(i.LED_Init), (22 bytes).
    Removing main.o(.rev16_text), (4 bytes).
    Removing main.o(.revsh_text), (4 bytes).
    Removing main.o(.data), (4 bytes).
    Removing radio_config.o(.rev16_text), (4 bytes).
    Removing radio_config.o(.revsh_text), (4 bytes).
    Removing radio_config.o(i.radio_configure), (128 bytes).
    Removing radio_config.o(.data), (2 bytes).
    Removing simple_uart.o(.rev16_text), (4 bytes).
    Removing simple_uart.o(.revsh_text), (4 bytes).
    Removing simple_uart.o(i.simple_uart_get), (32 bytes).
    Removing simple_uart.o(i.simple_uart_putstring), (32 bytes).
    Removing uart.o(.rev16_text), (4 bytes).
    Removing uart.o(.revsh_text), (4 bytes).
    Removing uart.o(i.fgetc), (10 bytes).
    Removing uart.o(i.fputc), (16 bytes).
    Removing uart.o(i.uart_send), (44 bytes).
    Removing nrf_delay.o(.rev16_text), (4 bytes).
    Removing nrf_delay.o(.revsh_text), (4 bytes).
    Removing time.o(.rev16_text), (4 bytes).
    Removing time.o(.revsh_text), (4 bytes).
    Removing time.o(i.crc_timer), (12 bytes).
    Removing com.o(.rev16_text), (4 bytes).
    Removing com.o(.revsh_text), (4 bytes).
    Removing com.o(.emb_text), (30 bytes).

45 unused section(s) (total 2845 bytes) removed from the image.

==============================================================================

Image Symbol Table

    Local Symbols

    Symbol Name                              Value     Ov Type        Size  Object(Section)

    RESET                                    0x00000000   Section      192  arm_startup_nrf51_1.o(RESET)
    ../clib/microlib/division.c              0x00000000   Number         0  idiv.o ABSOLUTE
    ../clib/microlib/division.c              0x00000000   Number         0  uidiv.o ABSOLUTE
    ../clib/microlib/init/entry.s            0x00000000   Number         0  entry9a.o ABSOLUTE
    ../clib/microlib/init/entry.s            0x00000000   Number         0  entry10a.o ABSOLUTE
    ../clib/microlib/init/entry.s            0x00000000   Number         0  entry8b.o ABSOLUTE
    ../clib/microlib/init/entry.s            0x00000000   Number         0  entry8a.o ABSOLUTE
    ../clib/microlib/init/entry.s            0x00000000   Number         0  entry9b.o ABSOLUTE
    ../clib/microlib/init/entry.s            0x00000000   Number         0  entry7a.o ABSOLUTE
    ../clib/microlib/init/entry.s            0x00000000   Number         0  entry11b.o ABSOLUTE
    ../clib/microlib/init/entry.s            0x00000000   Number         0  entry11a.o ABSOLUTE
    ../clib/microlib/init/entry.s            0x00000000   Number         0  entry10b.o ABSOLUTE
    ../clib/microlib/init/entry.s            0x00000000   Number         0  entry7b.o ABSOLUTE
    ../clib/microlib/init/entry.s            0x00000000   Number         0  entry.o ABSOLUTE
    ../clib/microlib/init/entry.s            0x00000000   Number         0  entry5.o ABSOLUTE
    ../clib/microlib/init/entry.s            0x00000000   Number         0  entry2.o ABSOLUTE
    ../clib/microlib/string/memcmp.c         0x00000000   Number         0  memcmp.o ABSOLUTE
    ../clib/microlib/string/memcpy.c         0x00000000   Number         0  memcpya.o ABSOLUTE
    ../clib/microlib/string/memcpy.c         0x00000000   Number         0  memcpyb.o ABSOLUTE
    ../clib/microlib/string/memset.c         0x00000000   Number         0  memseta.o ABSOLUTE
    dc.s                                     0x00000000   Number         0  dc.o ABSOLUTE
    handlers.s                               0x00000000   Number         0  handlers.o ABSOLUTE
    init.s                                   0x00000000   Number         0  init.o ABSOLUTE
    sys\Source\arm\arm_startup_nrf51.s       0x00000000   Number         0  arm_startup_nrf51_1.o ABSOLUTE
    sys\Source\interrput\interrupt.c         0x00000000   Number         0  interrupt.o ABSOLUTE
    sys\Source\local_para\local_para.c       0x00000000   Number         0  local_para.o ABSOLUTE
    sys\Source\nrf_nvmc\nrf_nvmc.c           0x00000000   Number         0  nrf_nvmc.o ABSOLUTE
    sys\Source\parser\parser.c               0x00000000   Number         0  parser.o ABSOLUTE
    sys\Source\system_nrf51.c                0x00000000   Number         0  system_nrf51.o ABSOLUTE
    sys\\Source\\interrput\\interrupt.c      0x00000000   Number         0  interrupt.o ABSOLUTE
    sys\\Source\\local_para\\local_para.c    0x00000000   Number         0  local_para.o ABSOLUTE
    sys\\Source\\nrf_nvmc\\nrf_nvmc.c        0x00000000   Number         0  nrf_nvmc.o ABSOLUTE
    user\\com.c                              0x00000000   Number         0  com.o ABSOLUTE
    user\\led.c                              0x00000000   Number         0  led.o ABSOLUTE
    user\\main.c                             0x00000000   Number         0  main.o ABSOLUTE
    user\\nrf_delay.c                        0x00000000   Number         0  nrf_delay.o ABSOLUTE
    user\\radio_config.c                     0x00000000   Number         0  radio_config.o ABSOLUTE
    user\\simple_uart.c                      0x00000000   Number         0  simple_uart.o ABSOLUTE
    user\\time.c                             0x00000000   Number         0  time.o ABSOLUTE
    user\\uart.c                             0x00000000   Number         0  uart.o ABSOLUTE
    user\com.c                               0x00000000   Number         0  com.o ABSOLUTE
    user\crc16.c                             0x00000000   Number         0  crc16.o ABSOLUTE
    user\led.c                               0x00000000   Number         0  led.o ABSOLUTE
    user\main.c                              0x00000000   Number         0  main.o ABSOLUTE
    user\nrf_delay.c                         0x00000000   Number         0  nrf_delay.o ABSOLUTE
    user\radio_config.c                      0x00000000   Number         0  radio_config.o ABSOLUTE
    user\simple_uart.c                       0x00000000   Number         0  simple_uart.o ABSOLUTE
    user\time.c                              0x00000000   Number         0  time.o ABSOLUTE
    user\uart.c                              0x00000000   Number         0  uart.o ABSOLUTE
    user\variable.c                          0x00000000   Number         0  variable.o ABSOLUTE
    i.__scatterload_null                     0x000000c0   Section        2  handlers.o(i.__scatterload_null)
    .ARM.__AT_0x000000C8                     0x000000c8   Section       20  local_para.o(.ARM.__AT_0x000000C8)
    .ARM.__AT_0x000000DC                     0x000000dc   Section       20  local_para.o(.ARM.__AT_0x000000DC)
    .ARM.Collect$$$$00000000                 0x000000f0   Section        0  entry.o(.ARM.Collect$$$$00000000)
    .ARM.Collect$$$$00000001                 0x000000f0   Section        4  entry2.o(.ARM.Collect$$$$00000001)
    .ARM.Collect$$$$00000004                 0x000000f4   Section        4  entry5.o(.ARM.Collect$$$$00000004)
    .ARM.Collect$$$$00000008                 0x000000f8   Section        0  entry7b.o(.ARM.Collect$$$$00000008)
    .ARM.Collect$$$$0000000A                 0x000000f8   Section        0  entry8b.o(.ARM.Collect$$$$0000000A)
    .ARM.Collect$$$$0000000B                 0x000000f8   Section        8  entry9a.o(.ARM.Collect$$$$0000000B)
    .ARM.Collect$$$$0000000D                 0x00000100   Section        0  entry10a.o(.ARM.Collect$$$$0000000D)
    .ARM.Collect$$$$0000000F                 0x00000100   Section        0  entry11a.o(.ARM.Collect$$$$0000000F)
    .ARM.Collect$$$$00002712                 0x00000100   Section        4  entry2.o(.ARM.Collect$$$$00002712)
    __lit__00000000                          0x00000100   Data           4  entry2.o(.ARM.Collect$$$$00002712)
    .emb_text                                0x00000104   Section       30  nrf_delay.o(.emb_text)
    .text                                    0x00000124   Section       44  arm_startup_nrf51_1.o(.text)
    .text                                    0x00000150   Section        0  uidiv.o(.text)
    .text                                    0x0000017c   Section        0  idiv.o(.text)
    .text                                    0x000001a4   Section        0  memcpya.o(.text)
    .text                                    0x000001c8   Section        0  memseta.o(.text)
    .text                                    0x000001ec   Section        0  memcmp.o(.text)
    .text                                    0x00000208   Section       36  init.o(.text)
    i.ADC_IRQHandler                         0x0000022c   Section        0  interrupt.o(i.ADC_IRQHandler)
    i.CCM_AAR_IRQHandler                     0x00000248   Section        0  interrupt.o(i.CCM_AAR_IRQHandler)
    i.Com_Repeat                             0x00000264   Section        0  com.o(i.Com_Repeat)
    i.Com_Response                           0x000002c4   Section        0  com.o(i.Com_Response)
    i.ECB_IRQHandler                         0x00000310   Section        0  interrupt.o(i.ECB_IRQHandler)
    i.FeedWDT                                0x0000032c   Section        0  main.o(i.FeedWDT)
    i.GPIOTE_IRQHandler                      0x0000033c   Section        0  interrupt.o(i.GPIOTE_IRQHandler)
    i.GetLine                                0x00000358   Section        0  com.o(i.GetLine)
    i.GetValidData                           0x000003e0   Section        0  com.o(i.GetValidData)
    i.NVIC_DisableIRQ                        0x00000448   Section        0  com.o(i.NVIC_DisableIRQ)
    NVIC_DisableIRQ                          0x00000449   Thumb Code    14  com.o(i.NVIC_DisableIRQ)
    i.NVIC_SetPriority                       0x0000045c   Section        0  simple_uart.o(i.NVIC_SetPriority)
    NVIC_SetPriority                         0x0000045d   Thumb Code   110  simple_uart.o(i.NVIC_SetPriority)
    i.NVIC_SetPriority                       0x000004d4   Section        0  time.o(i.NVIC_SetPriority)
    NVIC_SetPriority                         0x000004d5   Thumb Code   110  time.o(i.NVIC_SetPriority)
    i.POWER_CLOCK_IRQHandler                 0x0000054c   Section        0  interrupt.o(i.POWER_CLOCK_IRQHandler)
    i.QDEC_IRQHandler                        0x00000568   Section        0  interrupt.o(i.QDEC_IRQHandler)
    i.RADIO_IRQHandler                       0x00000584   Section        0  interrupt.o(i.RADIO_IRQHandler)
    i.RNG_IRQHandler                         0x000005a0   Section        0  interrupt.o(i.RNG_IRQHandler)
    i.RTC0_IRQHandler                        0x000005bc   Section        0  interrupt.o(i.RTC0_IRQHandler)
    i.RTC1_IRQHandler                        0x000005d8   Section        0  interrupt.o(i.RTC1_IRQHandler)
    i.SPI0_TWI0_IRQHandler                   0x000005f4   Section        0  interrupt.o(i.SPI0_TWI0_IRQHandler)
    i.SPI1_TWI1_IRQHandler                   0x00000610   Section        0  interrupt.o(i.SPI1_TWI1_IRQHandler)
    i.SWI0_IRQHandler                        0x0000062c   Section        0  interrupt.o(i.SWI0_IRQHandler)
    i.SWI1_IRQHandler                        0x00000648   Section        0  interrupt.o(i.SWI1_IRQHandler)
    i.SWI2_IRQHandler                        0x00000664   Section        0  interrupt.o(i.SWI2_IRQHandler)
    i.SWI3_IRQHandler                        0x00000680   Section        0  interrupt.o(i.SWI3_IRQHandler)
    i.SWI4_IRQHandler                        0x0000069c   Section        0  interrupt.o(i.SWI4_IRQHandler)
    i.SWI5_IRQHandler                        0x000006b8   Section        0  interrupt.o(i.SWI5_IRQHandler)
    i.SystemInit                             0x000006d4   Section        0  system_nrf51.o(i.SystemInit)
    i.TIMER0_IRQHandler                      0x000006f8   Section        0  interrupt.o(i.TIMER0_IRQHandler)
    i.TIMER0_IRQHandler_Boot                 0x00000718   Section        0  time.o(i.TIMER0_IRQHandler_Boot)
    i.TIMER1_IRQHandler                      0x000007d0   Section        0  interrupt.o(i.TIMER1_IRQHandler)
    i.TIMER2_IRQHandler                      0x000007ec   Section        0  interrupt.o(i.TIMER2_IRQHandler)
    i.UART0_IRQHandler                       0x00000808   Section        0  interrupt.o(i.UART0_IRQHandler)
    i.UART0_IRQHandler_boot                  0x00000828   Section        0  uart.o(i.UART0_IRQHandler_boot)
    i.USART_Configuration                    0x0000091c   Section        0  uart.o(i.USART_Configuration)
    i.UpdateReady                            0x00000930   Section        0  com.o(i.UpdateReady)
    i.WDT_IRQHandler                         0x000009a8   Section        0  interrupt.o(i.WDT_IRQHandler)
    i.__ARM_common_switch8                   0x000009c4   Section        0  com.o(i.__ARM_common_switch8)
    i.__scatterload_copy                     0x000009e0   Section       14  handlers.o(i.__scatterload_copy)
    i.__scatterload_zeroinit                 0x000009ee   Section       14  handlers.o(i.__scatterload_zeroinit)
    i.app_code_erase                         0x000009fc   Section        0  com.o(i.app_code_erase)
    i.app_code_jump                          0x00000a44   Section        0  com.o(i.app_code_jump)
    i.ascii2hex                              0x00000a80   Section        0  parser.o(i.ascii2hex)
    i.checkascii                             0x00000af0   Section        0  parser.o(i.checkascii)
    i.checksum                               0x00000b2a   Section        0  parser.o(i.checksum)
    i.com                                    0x00000b64   Section        0  com.o(i.com)
    i.crc16                                  0x00000e44   Section        0  crc16.o(i.crc16)
    i.feed_com_timer                         0x00000e78   Section        0  time.o(i.feed_com_timer)
    i.get_NextUart                           0x00000e90   Section        0  com.o(i.get_NextUart)
    i.get_string_len                         0x00000eb8   Section        0  parser.o(i.get_string_len)
    i.hex_write                              0x00000edc   Section        0  com.o(i.hex_write)
    i.is_manual_peripheral_setup_needed      0x00001054   Section        0  system_nrf51.o(i.is_manual_peripheral_setup_needed)
    is_manual_peripheral_setup_needed        0x00001055   Thumb Code   104  system_nrf51.o(i.is_manual_peripheral_setup_needed)
    i.main                                   0x000010c0   Section        0  main.o(i.main)
    i.nrf_delay_ms                           0x0000110c   Section        0  nrf_delay.o(i.nrf_delay_ms)
    i.nrf_gpio_cfg_input                     0x00001128   Section        0  simple_uart.o(i.nrf_gpio_cfg_input)
    nrf_gpio_cfg_input                       0x00001129   Thumb Code    20  simple_uart.o(i.nrf_gpio_cfg_input)
    i.nrf_gpio_cfg_output                    0x0000113c   Section        0  simple_uart.o(i.nrf_gpio_cfg_output)
    nrf_gpio_cfg_output                      0x0000113d   Thumb Code    18  simple_uart.o(i.nrf_gpio_cfg_output)
    i.nrf_nvmc_page_erase                    0x00001150   Section        0  nrf_nvmc.o(i.nrf_nvmc_page_erase)
    i.nrf_nvmc_write_byte                    0x00001188   Section        0  nrf_nvmc.o(i.nrf_nvmc_write_byte)
    i.nrf_nvmc_write_bytes                   0x000011d8   Section        0  nrf_nvmc.o(i.nrf_nvmc_write_bytes)
    i.osc_Init                               0x000011f4   Section        0  main.o(i.osc_Init)
    i.release_bootSource                     0x00001210   Section        0  com.o(i.release_bootSource)
    i.sef_nvmc_read_bytes                    0x00001274   Section        0  nrf_nvmc.o(i.sef_nvmc_read_bytes)
    i.simple_uart_array                      0x0000128c   Section        0  simple_uart.o(i.simple_uart_array)
    i.simple_uart_config                     0x000012a8   Section        0  simple_uart.o(i.simple_uart_config)
    i.simple_uart_put                        0x00001338   Section        0  simple_uart.o(i.simple_uart_put)
    i.stop_auto_timer                        0x00001358   Section        0  time.o(i.stop_auto_timer)
    i.time0_init                             0x0000136c   Section        0  time.o(i.time0_init)
    i.va_init                                0x000013c4   Section        0  main.o(i.va_init)
    i.version                                0x000013f0   Section        0  main.o(i.version)
    .constdata                               0x00001434   Section      512  crc16.o(.constdata)
    .data                                    0x20000000   Section        4  system_nrf51.o(.data)
    __tagsym$$used                           0x20000000   Number         0  system_nrf51.o(.data)
    .data                                    0x20000004   Section        4  local_para.o(.data)
    .data                                    0x20000008   Section       11  uart.o(.data)
    .data                                    0x20000014   Section       18  time.o(.data)
    .data                                    0x20000026   Section       11  variable.o(.data)
    .data                                    0x20000034   Section       32  com.o(.data)
    jumpbuf                                  0x2000004f   Data           4  com.o(.data)
    flag                                     0x20000053   Data           1  com.o(.data)
    .bss                                     0x20000054   Section       40  local_para.o(.bss)
    .ARM.__AT_0x20000201                     0x20000201   Section        1  main.o(.ARM.__AT_0x20000201)
    .bss                                     0x20000202   Section      648  variable.o(.bss)
    STACK                                    0x20000490   Section     2048  arm_startup_nrf51_1.o(STACK)

    Global Symbols

    Symbol Name                              Value     Ov Type        Size  Object(Section)

    BuildAttributes$$THM_ISAv3M$S$PE$A:L22$X:L11$S22$IEEE1$IW$USESV6$~STKCKD$USESV7$~SHL$OSPACE$EBA8$MICROLIB$REQ8$PRES8$EABIv2 0x00000000   Number         0  anon$$obj.o ABSOLUTE
    __ARM_use_no_argv                        0x00000000   Number         0  main.o ABSOLUTE
    __Vectors                                0x00000000   Data           4  arm_startup_nrf51_1.o(RESET)
    __cpp_initialize__aeabi_                  - Undefined Weak Reference
    __cxa_finalize                            - Undefined Weak Reference
    __decompress                              - Undefined Weak Reference
    _clock_init                               - Undefined Weak Reference
    _microlib_exit                            - Undefined Weak Reference
    __Vectors_End                            0x000000c0   Data           0  arm_startup_nrf51_1.o(RESET)
    __Vectors_Size                           0x000000c0   Number         0  arm_startup_nrf51_1.o ABSOLUTE
    __scatterload_null                       0x000000c1   Thumb Code     2  handlers.o(i.__scatterload_null)
    Boot_Version                             0x000000c8   Data          20  local_para.o(.ARM.__AT_0x000000C8)
    Hw_Version                               0x000000dc   Data          20  local_para.o(.ARM.__AT_0x000000DC)
    __main                                   0x000000f1   Thumb Code     0  entry.o(.ARM.Collect$$$$00000000)
    _main_stk                                0x000000f1   Thumb Code     0  entry2.o(.ARM.Collect$$$$00000001)
    _main_scatterload                        0x000000f5   Thumb Code     0  entry5.o(.ARM.Collect$$$$00000004)
    __main_after_scatterload                 0x000000f9   Thumb Code     0  entry5.o(.ARM.Collect$$$$00000004)
    _main_clock                              0x000000f9   Thumb Code     0  entry7b.o(.ARM.Collect$$$$00000008)
    _main_cpp_init                           0x000000f9   Thumb Code     0  entry8b.o(.ARM.Collect$$$$0000000A)
    _main_init                               0x000000f9   Thumb Code     0  entry9a.o(.ARM.Collect$$$$0000000B)
    __rt_final_cpp                           0x00000101   Thumb Code     0  entry10a.o(.ARM.Collect$$$$0000000D)
    __rt_final_exit                          0x00000101   Thumb Code     0  entry11a.o(.ARM.Collect$$$$0000000F)
    __asm___11_nrf_delay_c_532987f3__nrf_delay_us 0x00000105   Thumb Code    30  nrf_delay.o(.emb_text)
    Reset_Handler                            0x00000125   Thumb Code    18  arm_startup_nrf51_1.o(.text)
    NMI_Handler                              0x00000137   Thumb Code     2  arm_startup_nrf51_1.o(.text)
    HardFault_Handler                        0x00000139   Thumb Code     2  arm_startup_nrf51_1.o(.text)
    SVC_Handler                              0x0000013b   Thumb Code     2  arm_startup_nrf51_1.o(.text)
    PendSV_Handler                           0x0000013d   Thumb Code     2  arm_startup_nrf51_1.o(.text)
    SysTick_Handler                          0x0000013f   Thumb Code     2  arm_startup_nrf51_1.o(.text)
    LPCOMP_COMP_IRQHandler                   0x00000141   Thumb Code     0  arm_startup_nrf51_1.o(.text)
    TEMP_IRQHandler                          0x00000141   Thumb Code     0  arm_startup_nrf51_1.o(.text)
    __aeabi_uidiv                            0x00000151   Thumb Code     0  uidiv.o(.text)
    __aeabi_uidivmod                         0x00000151   Thumb Code    44  uidiv.o(.text)
    __aeabi_idiv                             0x0000017d   Thumb Code     0  idiv.o(.text)
    __aeabi_idivmod                          0x0000017d   Thumb Code    40  idiv.o(.text)
    __aeabi_memcpy                           0x000001a5   Thumb Code    36  memcpya.o(.text)
    __aeabi_memcpy4                          0x000001a5   Thumb Code     0  memcpya.o(.text)
    __aeabi_memcpy8                          0x000001a5   Thumb Code     0  memcpya.o(.text)
    __aeabi_memset                           0x000001c9   Thumb Code    14  memseta.o(.text)
    __aeabi_memset4                          0x000001c9   Thumb Code     0  memseta.o(.text)
    __aeabi_memset8                          0x000001c9   Thumb Code     0  memseta.o(.text)
    __aeabi_memclr                           0x000001d7   Thumb Code     4  memseta.o(.text)
    __aeabi_memclr4                          0x000001d7   Thumb Code     0  memseta.o(.text)
    __aeabi_memclr8                          0x000001d7   Thumb Code     0  memseta.o(.text)
    _memset$wrapper                          0x000001db   Thumb Code    18  memseta.o(.text)
    memcmp                                   0x000001ed   Thumb Code    26  memcmp.o(.text)
    __scatterload                            0x00000209   Thumb Code    28  init.o(.text)
    __scatterload_rt2                        0x00000209   Thumb Code     0  init.o(.text)
    ADC_IRQHandler                           0x0000022d   Thumb Code    18  interrupt.o(i.ADC_IRQHandler)
    CCM_AAR_IRQHandler                       0x00000249   Thumb Code    18  interrupt.o(i.CCM_AAR_IRQHandler)
    Com_Repeat                               0x00000265   Thumb Code    88  com.o(i.Com_Repeat)
    Com_Response                             0x000002c5   Thumb Code    72  com.o(i.Com_Response)
    ECB_IRQHandler                           0x00000311   Thumb Code    18  interrupt.o(i.ECB_IRQHandler)
    FeedWDT                                  0x0000032d   Thumb Code     8  main.o(i.FeedWDT)
    GPIOTE_IRQHandler                        0x0000033d   Thumb Code    18  interrupt.o(i.GPIOTE_IRQHandler)
    GetLine                                  0x00000359   Thumb Code   124  com.o(i.GetLine)
    GetValidData                             0x000003e1   Thumb Code    86  com.o(i.GetValidData)
    POWER_CLOCK_IRQHandler                   0x0000054d   Thumb Code    18  interrupt.o(i.POWER_CLOCK_IRQHandler)
    QDEC_IRQHandler                          0x00000569   Thumb Code    18  interrupt.o(i.QDEC_IRQHandler)
    RADIO_IRQHandler                         0x00000585   Thumb Code    18  interrupt.o(i.RADIO_IRQHandler)
    RNG_IRQHandler                           0x000005a1   Thumb Code    18  interrupt.o(i.RNG_IRQHandler)
    RTC0_IRQHandler                          0x000005bd   Thumb Code    18  interrupt.o(i.RTC0_IRQHandler)
    RTC1_IRQHandler                          0x000005d9   Thumb Code    18  interrupt.o(i.RTC1_IRQHandler)
    SPI0_TWI0_IRQHandler                     0x000005f5   Thumb Code    18  interrupt.o(i.SPI0_TWI0_IRQHandler)
    SPI1_TWI1_IRQHandler                     0x00000611   Thumb Code    18  interrupt.o(i.SPI1_TWI1_IRQHandler)
    SWI0_IRQHandler                          0x0000062d   Thumb Code    18  interrupt.o(i.SWI0_IRQHandler)
    SWI1_IRQHandler                          0x00000649   Thumb Code    18  interrupt.o(i.SWI1_IRQHandler)
    SWI2_IRQHandler                          0x00000665   Thumb Code    18  interrupt.o(i.SWI2_IRQHandler)
    SWI3_IRQHandler                          0x00000681   Thumb Code    18  interrupt.o(i.SWI3_IRQHandler)
    SWI4_IRQHandler                          0x0000069d   Thumb Code    18  interrupt.o(i.SWI4_IRQHandler)
    SWI5_IRQHandler                          0x000006b9   Thumb Code    18  interrupt.o(i.SWI5_IRQHandler)
    SystemInit                               0x000006d5   Thumb Code    24  system_nrf51.o(i.SystemInit)
    TIMER0_IRQHandler                        0x000006f9   Thumb Code    24  interrupt.o(i.TIMER0_IRQHandler)
    TIMER0_IRQHandler_Boot                   0x00000719   Thumb Code   142  time.o(i.TIMER0_IRQHandler_Boot)
    TIMER1_IRQHandler                        0x000007d1   Thumb Code    18  interrupt.o(i.TIMER1_IRQHandler)
    TIMER2_IRQHandler                        0x000007ed   Thumb Code    18  interrupt.o(i.TIMER2_IRQHandler)
    UART0_IRQHandler                         0x00000809   Thumb Code    24  interrupt.o(i.UART0_IRQHandler)
    UART0_IRQHandler_boot                    0x00000829   Thumb Code   206  uart.o(i.UART0_IRQHandler_boot)
    USART_Configuration                      0x0000091d   Thumb Code    20  uart.o(i.USART_Configuration)
    UpdateReady                              0x00000931   Thumb Code    94  com.o(i.UpdateReady)
    WDT_IRQHandler                           0x000009a9   Thumb Code    18  interrupt.o(i.WDT_IRQHandler)
    __ARM_common_switch8                     0x000009c5   Thumb Code    28  com.o(i.__ARM_common_switch8)
    __scatterload_copy                       0x000009e1   Thumb Code    14  handlers.o(i.__scatterload_copy)
    __scatterload_zeroinit                   0x000009ef   Thumb Code    14  handlers.o(i.__scatterload_zeroinit)
    app_code_erase                           0x000009fd   Thumb Code    68  com.o(i.app_code_erase)
    app_code_jump                            0x00000a45   Thumb Code    50  com.o(i.app_code_jump)
    ascii2hex                                0x00000a81   Thumb Code   112  parser.o(i.ascii2hex)
    checkascii                               0x00000af1   Thumb Code    58  parser.o(i.checkascii)
    checksum                                 0x00000b2b   Thumb Code    58  parser.o(i.checksum)
    com                                      0x00000b65   Thumb Code   664  com.o(i.com)
    crc16                                    0x00000e45   Thumb Code    46  crc16.o(i.crc16)
    feed_com_timer                           0x00000e79   Thumb Code    14  time.o(i.feed_com_timer)
    get_NextUart                             0x00000e91   Thumb Code    28  com.o(i.get_NextUart)
    get_string_len                           0x00000eb9   Thumb Code    34  parser.o(i.get_string_len)
    hex_write                                0x00000edd   Thumb Code   356  com.o(i.hex_write)
    main                                     0x000010c1   Thumb Code    68  main.o(i.main)
    nrf_delay_ms                             0x0000110d   Thumb Code    24  nrf_delay.o(i.nrf_delay_ms)
    nrf_nvmc_page_erase                      0x00001151   Thumb Code    48  nrf_nvmc.o(i.nrf_nvmc_page_erase)
    nrf_nvmc_write_byte                      0x00001189   Thumb Code    70  nrf_nvmc.o(i.nrf_nvmc_write_byte)
    nrf_nvmc_write_bytes                     0x000011d9   Thumb Code    28  nrf_nvmc.o(i.nrf_nvmc_write_bytes)
    osc_Init                                 0x000011f5   Thumb Code    24  main.o(i.osc_Init)
    release_bootSource                       0x00001211   Thumb Code    74  com.o(i.release_bootSource)
    sef_nvmc_read_bytes                      0x00001275   Thumb Code    24  nrf_nvmc.o(i.sef_nvmc_read_bytes)
    simple_uart_array                        0x0000128d   Thumb Code    26  simple_uart.o(i.simple_uart_array)
    simple_uart_config                       0x000012a9   Thumb Code   120  simple_uart.o(i.simple_uart_config)
    simple_uart_put                          0x00001339   Thumb Code    22  simple_uart.o(i.simple_uart_put)
    stop_auto_timer                          0x00001359   Thumb Code    12  time.o(i.stop_auto_timer)
    time0_init                               0x0000136d   Thumb Code    68  time.o(i.time0_init)
    va_init                                  0x000013c5   Thumb Code    40  main.o(i.va_init)
    version                                  0x000013f1   Thumb Code    50  main.o(i.version)
    wCRC16Table                              0x00001434   Data         512  crc16.o(.constdata)
    Region$$Table$$Base                      0x00001634   Number         0  anon$$obj.o(Region$$Table)
    Region$$Table$$Limit                     0x00001644   Number         0  anon$$obj.o(Region$$Table)
    SystemCoreClock                          0x20000000   Data           4  system_nrf51.o(.data)
    LogicAddr                                0x20000004   Data           4  local_para.o(.data)
    snd_int_idx                              0x20000008   Data           2  uart.o(.data)
    snd_len                                  0x2000000a   Data           2  uart.o(.data)
    c                                        0x2000000c   Data           1  uart.o(.data)
    uart_pack                                0x2000000e   Data           2  uart.o(.data)
    rec_length                               0x20000010   Data           2  uart.o(.data)
    step                                     0x20000012   Data           1  uart.o(.data)
    boot_timer_ctl                           0x20000014   Data           1  time.o(.data)
    boot_over_flag                           0x20000015   Data           1  time.o(.data)
    boot_delay                               0x20000016   Data           2  time.o(.data)
    com_delay                                0x20000018   Data           2  time.o(.data)
    crc_delay                                0x2000001a   Data           2  time.o(.data)
    rec_chack                                0x2000001c   Data           2  time.o(.data)
    rec_chack_1                              0x2000001e   Data           2  time.o(.data)
    boot_auto_timer                          0x20000020   Data           2  time.o(.data)
    boot_flag                                0x20000022   Data           1  time.o(.data)
    rec_flag                                 0x20000023   Data           1  time.o(.data)
    interface_OverTimer                      0x20000024   Data           2  time.o(.data)
    rcv_ok                                   0x20000026   Data           1  variable.o(.data)
    rcv_idx                                  0x20000028   Data           2  variable.o(.data)
    snd_idx                                  0x2000002a   Data           1  variable.o(.data)
    radio_rcv_ok                             0x2000002b   Data           1  variable.o(.data)
    line_idx                                 0x2000002c   Data           1  variable.o(.data)
    package_idx                              0x2000002d   Data           1  variable.o(.data)
    timer_Radio_send                         0x2000002e   Data           1  variable.o(.data)
    last_key                                 0x2000002f   Data           1  variable.o(.data)
    current_key                              0x20000030   Data           1  variable.o(.data)
    update_finished                          0x20000034   Data           1  com.o(.data)
    error_code                               0x20000035   Data           1  com.o(.data)
    code_start                               0x20000038   Data           4  com.o(.data)
    code_extent                              0x2000003c   Data           2  com.o(.data)
    lineaddr_valid                           0x2000003e   Data           1  com.o(.data)
    line_count                               0x20000040   Data           2  com.o(.data)
    getvaliddata                             0x20000042   Data           2  com.o(.data)
    data_error                               0x20000044   Data           2  com.o(.data)
    get_error_data                           0x20000046   Data           2  com.o(.data)
    Source_Addr                              0x20000048   Data           1  com.o(.data)
    Count_idx                                0x20000049   Data           1  com.o(.data)
    cmd_idx                                  0x2000004a   Data           1  com.o(.data)
    last_idx                                 0x2000004c   Data           2  com.o(.data)
    business_step                            0x2000004e   Data           1  com.o(.data)
    App_Version                              0x20000054   Data          20  local_para.o(.bss)
    Mb_Version                               0x20000068   Data          20  local_para.o(.bss)
    Toggleserial                             0x20000201   Data           1  main.o(.ARM.__AT_0x20000201)
    rcv_uart                                 0x20000202   Data         216  variable.o(.bss)
    linebuffer                               0x200002da   Data         216  variable.o(.bss)
    tsm_Array                                0x200003b2   Data         216  variable.o(.bss)
    __initial_sp                             0x20000c90   Data           0  arm_startup_nrf51_1.o(STACK)



==============================================================================

Memory Map of the image

  Image Entry point : 0x000000f1

  Load Region LR_IROM1 (Base: 0x00000000, Size: 0x00001698, Max: 0x00002000, ABSOLUTE)

    Execution Region ER_IROM1 (Base: 0x00000000, Size: 0x00001644, Max: 0x00002000, ABSOLUTE)

    Base Addr    Size         Type   Attr      Idx    E Section Name        Object

    0x00000000   0x000000c0   Data   RO           40    RESET               arm_startup_nrf51_1.o
    0x000000c0   0x00000002   Code   RO          919    i.__scatterload_null  mc_p.l(handlers.o)
    0x000000c2   0x00000006   PAD
    0x000000c8   0x00000014   Data   RO           48    .ARM.__AT_0x000000C8  local_para.o
    0x000000dc   0x00000014   Data   RO           49    .ARM.__AT_0x000000DC  local_para.o
    0x000000f0   0x00000000   Code   RO          885  * .ARM.Collect$$$$00000000  mc_p.l(entry.o)
    0x000000f0   0x00000004   Code   RO          900    .ARM.Collect$$$$00000001  mc_p.l(entry2.o)
    0x000000f4   0x00000004   Code   RO          903    .ARM.Collect$$$$00000004  mc_p.l(entry5.o)
    0x000000f8   0x00000000   Code   RO          905    .ARM.Collect$$$$00000008  mc_p.l(entry7b.o)
    0x000000f8   0x00000000   Code   RO          907    .ARM.Collect$$$$0000000A  mc_p.l(entry8b.o)
    0x000000f8   0x00000008   Code   RO          908    .ARM.Collect$$$$0000000B  mc_p.l(entry9a.o)
    0x00000100   0x00000000   Code   RO          910    .ARM.Collect$$$$0000000D  mc_p.l(entry10a.o)
    0x00000100   0x00000000   Code   RO          912    .ARM.Collect$$$$0000000F  mc_p.l(entry11a.o)
    0x00000100   0x00000004   Code   RO          901    .ARM.Collect$$$$00002712  mc_p.l(entry2.o)
    0x00000104   0x0000001e   Code   RO          660    .emb_text           nrf_delay.o
    0x00000122   0x00000002   PAD
    0x00000124   0x0000002c   Code   RO           41    .text               arm_startup_nrf51_1.o
    0x00000150   0x0000002c   Code   RO          888    .text               mc_p.l(uidiv.o)
    0x0000017c   0x00000028   Code   RO          890    .text               mc_p.l(idiv.o)
    0x000001a4   0x00000024   Code   RO          892    .text               mc_p.l(memcpya.o)
    0x000001c8   0x00000024   Code   RO          894    .text               mc_p.l(memseta.o)
    0x000001ec   0x0000001a   Code   RO          896    .text               mc_p.l(memcmp.o)
    0x00000206   0x00000002   PAD
    0x00000208   0x00000024   Code   RO          914    .text               mc_p.l(init.o)
    0x0000022c   0x0000001c   Code   RO          199    i.ADC_IRQHandler    interrupt.o
    0x00000248   0x0000001c   Code   RO          200    i.CCM_AAR_IRQHandler  interrupt.o
    0x00000264   0x00000060   Code   RO          754    i.Com_Repeat        com.o
    0x000002c4   0x0000004c   Code   RO          755    i.Com_Response      com.o
    0x00000310   0x0000001c   Code   RO          201    i.ECB_IRQHandler    interrupt.o
    0x0000032c   0x00000010   Code   RO          411    i.FeedWDT           main.o
    0x0000033c   0x0000001c   Code   RO          202    i.GPIOTE_IRQHandler  interrupt.o
    0x00000358   0x00000088   Code   RO          756    i.GetLine           com.o
    0x000003e0   0x00000068   Code   RO          757    i.GetValidData      com.o
    0x00000448   0x00000014   Code   RO          758    i.NVIC_DisableIRQ   com.o
    0x0000045c   0x00000078   Code   RO          530    i.NVIC_SetPriority  simple_uart.o
    0x000004d4   0x00000078   Code   RO          687    i.NVIC_SetPriority  time.o
    0x0000054c   0x0000001c   Code   RO          204    i.POWER_CLOCK_IRQHandler  interrupt.o
    0x00000568   0x0000001c   Code   RO          205    i.QDEC_IRQHandler   interrupt.o
    0x00000584   0x0000001c   Code   RO          206    i.RADIO_IRQHandler  interrupt.o
    0x000005a0   0x0000001c   Code   RO          207    i.RNG_IRQHandler    interrupt.o
    0x000005bc   0x0000001c   Code   RO          208    i.RTC0_IRQHandler   interrupt.o
    0x000005d8   0x0000001c   Code   RO          209    i.RTC1_IRQHandler   interrupt.o
    0x000005f4   0x0000001c   Code   RO          210    i.SPI0_TWI0_IRQHandler  interrupt.o
    0x00000610   0x0000001c   Code   RO          211    i.SPI1_TWI1_IRQHandler  interrupt.o
    0x0000062c   0x0000001c   Code   RO          212    i.SWI0_IRQHandler   interrupt.o
    0x00000648   0x0000001c   Code   RO          213    i.SWI1_IRQHandler   interrupt.o
    0x00000664   0x0000001c   Code   RO          214    i.SWI2_IRQHandler   interrupt.o
    0x00000680   0x0000001c   Code   RO          215    i.SWI3_IRQHandler   interrupt.o
    0x0000069c   0x0000001c   Code   RO          216    i.SWI4_IRQHandler   interrupt.o
    0x000006b8   0x0000001c   Code   RO          217    i.SWI5_IRQHandler   interrupt.o
    0x000006d4   0x00000024   Code   RO            2    i.SystemInit        system_nrf51.o
    0x000006f8   0x00000020   Code   RO          219    i.TIMER0_IRQHandler  interrupt.o
    0x00000718   0x000000b8   Code   RO          688    i.TIMER0_IRQHandler_Boot  time.o
    0x000007d0   0x0000001c   Code   RO          220    i.TIMER1_IRQHandler  interrupt.o
    0x000007ec   0x0000001c   Code   RO          221    i.TIMER2_IRQHandler  interrupt.o
    0x00000808   0x00000020   Code   RO          222    i.UART0_IRQHandler  interrupt.o
    0x00000828   0x000000f4   Code   RO          595    i.UART0_IRQHandler_boot  uart.o
    0x0000091c   0x00000014   Code   RO          596    i.USART_Configuration  uart.o
    0x00000930   0x00000078   Code   RO          759    i.UpdateReady       com.o
    0x000009a8   0x0000001c   Code   RO          223    i.WDT_IRQHandler    interrupt.o
    0x000009c4   0x0000001c   Code   RO          840    i.__ARM_common_switch8  com.o
    0x000009e0   0x0000000e   Code   RO          918    i.__scatterload_copy  mc_p.l(handlers.o)
    0x000009ee   0x0000000e   Code   RO          920    i.__scatterload_zeroinit  mc_p.l(handlers.o)
    0x000009fc   0x00000048   Code   RO          760    i.app_code_erase    com.o
    0x00000a44   0x0000003c   Code   RO          761    i.app_code_jump     com.o
    0x00000a80   0x00000070   Code   RO          151    i.ascii2hex         parser.o
    0x00000af0   0x0000003a   Code   RO          152    i.checkascii        parser.o
    0x00000b2a   0x0000003a   Code   RO          153    i.checksum          parser.o
    0x00000b64   0x000002e0   Code   RO          762    i.com               com.o
    0x00000e44   0x00000034   Code   RO          870    i.crc16             crc16.o
    0x00000e78   0x00000018   Code   RO          690    i.feed_com_timer    time.o
    0x00000e90   0x00000028   Code   RO          763    i.get_NextUart      com.o
    0x00000eb8   0x00000022   Code   RO          155    i.get_string_len    parser.o
    0x00000eda   0x00000002   PAD
    0x00000edc   0x00000178   Code   RO          764    i.hex_write         com.o
    0x00001054   0x0000006c   Code   RO            3    i.is_manual_peripheral_setup_needed  system_nrf51.o
    0x000010c0   0x0000004c   Code   RO          412    i.main              main.o
    0x0000110c   0x0000001c   Code   RO          661    i.nrf_delay_ms      nrf_delay.o
    0x00001128   0x00000014   Code   RO          531    i.nrf_gpio_cfg_input  simple_uart.o
    0x0000113c   0x00000012   Code   RO          532    i.nrf_gpio_cfg_output  simple_uart.o
    0x0000114e   0x00000002   PAD
    0x00001150   0x00000038   Code   RO          100    i.nrf_nvmc_page_erase  nrf_nvmc.o
    0x00001188   0x00000050   Code   RO          101    i.nrf_nvmc_write_byte  nrf_nvmc.o
    0x000011d8   0x0000001c   Code   RO          102    i.nrf_nvmc_write_bytes  nrf_nvmc.o
    0x000011f4   0x0000001c   Code   RO          413    i.osc_Init          main.o
    0x00001210   0x00000064   Code   RO          765    i.release_bootSource  com.o
    0x00001274   0x00000018   Code   RO          105    i.sef_nvmc_read_bytes  nrf_nvmc.o
    0x0000128c   0x0000001a   Code   RO          533    i.simple_uart_array  simple_uart.o
    0x000012a6   0x00000002   PAD
    0x000012a8   0x00000090   Code   RO          534    i.simple_uart_config  simple_uart.o
    0x00001338   0x00000020   Code   RO          536    i.simple_uart_put   simple_uart.o
    0x00001358   0x00000014   Code   RO          691    i.stop_auto_timer   time.o
    0x0000136c   0x00000058   Code   RO          692    i.time0_init        time.o
    0x000013c4   0x0000002c   Code   RO          414    i.va_init           main.o
    0x000013f0   0x00000044   Code   RO          415    i.version           main.o
    0x00001434   0x00000200   Data   RO          871    .constdata          crc16.o
    0x00001634   0x00000010   Data   RO          916    Region$$Table       anon$$obj.o


    Execution Region RW_IRAM1 (Base: 0x20000000, Size: 0x00000c90, Max: 0x00002000, ABSOLUTE, UNINIT)

    Base Addr    Size         Type   Attr      Idx    E Section Name        Object

    0x20000000   0x00000004   Data   RW            4    .data               system_nrf51.o
    0x20000004   0x00000004   Data   RW           52    .data               local_para.o
    0x20000008   0x0000000b   Data   RW          600    .data               uart.o
    0x20000013   0x00000001   PAD
    0x20000014   0x00000012   Data   RW          693    .data               time.o
    0x20000026   0x0000000b   Data   RW          738    .data               variable.o
    0x20000031   0x00000003   PAD
    0x20000034   0x00000020   Data   RW          766    .data               com.o
    0x20000054   0x00000028   Zero   RW           50    .bss                local_para.o
    0x2000007c   0x00000185   PAD
    0x20000201   0x00000001   Zero   RW          416    .ARM.__AT_0x20000201  main.o
    0x20000202   0x00000288   Zero   RW          737    .bss                variable.o
    0x2000048a   0x00000006   PAD
    0x20000490   0x00000800   Zero   RW           38    STACK               arm_startup_nrf51_1.o


==============================================================================

Image component sizes


      Code (inc. data)   RO Data    RW Data    ZI Data      Debug   Object Name

        44         14        192          0       2048        640   arm_startup_nrf51_1.o
      1964        226          0         32          0      15190   com.o
        52          6        512          0          0       1066   crc16.o
       652        226          0          0          0      10344   interrupt.o
         0          0         40          4         40      16294   local_para.o
       232         42          0          0          1       9042   main.o
        58          4          0          0          0       1155   nrf_delay.o
       188         18          0          0          0       2777   nrf_nvmc.o
       262          0          0          0          0       2893   parser.o
       360         44          0          0          0      11515   simple_uart.o
       144         16          0          4          0       5659   system_nrf51.o
       436         90          0         18          0       2833   time.o
       264         38          0         11          0       1308   uart.o
         0          0          0         11        648        939   variable.o

    ----------------------------------------------------------------------
      4664        724        760         84       3132      81655   Object Totals
         0          0         16          0          0          0   (incl. Generated)
         8          0          0          4        395          0   (incl. Padding)

    ----------------------------------------------------------------------

      Code (inc. data)   RO Data    RW Data    ZI Data      Debug   Library Member Name

         0          0          0          0          0          0   entry.o
         0          0          0          0          0          0   entry10a.o
         0          0          0          0          0          0   entry11a.o
         8          4          0          0          0          0   entry2.o
         4          0          0          0          0          0   entry5.o
         0          0          0          0          0          0   entry7b.o
         0          0          0          0          0          0   entry8b.o
         8          4          0          0          0          0   entry9a.o
        30          0          0          0          0          0   handlers.o
        40          0          0          0          0         72   idiv.o
        36          8          0          0          0         68   init.o
        26          0          0          0          0         72   memcmp.o
        36          0          0          0          0         60   memcpya.o
        36          0          0          0          0        100   memseta.o
        44          0          0          0          0         72   uidiv.o

    ----------------------------------------------------------------------
       276         16          0          0          0        444   Library Totals
         8          0          0          0          0          0   (incl. Padding)

    ----------------------------------------------------------------------

      Code (inc. data)   RO Data    RW Data    ZI Data      Debug   Library Name

       268         16          0          0          0        444   mc_p.l

    ----------------------------------------------------------------------
       276         16          0          0          0        444   Library Totals

    ----------------------------------------------------------------------

==============================================================================


      Code (inc. data)   RO Data    RW Data    ZI Data      Debug   

      4940        740        760         84       3132      79251   Grand Totals
      4940        740        760         84       3132      79251   ELF Image Totals
      4940        740        760         84          0          0   ROM Totals

==============================================================================

    Total RO  Size (Code + RO Data)                 5700 (   5.57kB)
    Total RW  Size (RW Data + ZI Data)              3216 (   3.14kB)
    Total ROM Size (Code + RO Data + RW Data)       5784 (   5.65kB)

==============================================================================

